Archive member included to satisfy reference by file (symbol)

/Applications/STM32CubeIDE.app/Contents/Eclipse/plugins/com.st.stm32cube.ide.mcu.externaltools.gnu-tools-for-stm32.13.3.rel1.macos64_1.0.0.202411102158/tools/bin/../lib/gcc/arm-none-eabi/13.3.1/../../../../arm-none-eabi/lib/thumb/v7e-m+fp/hard/libc_nano.a(libc_a-exit.o)
                              /Applications/STM32CubeIDE.app/Contents/Eclipse/plugins/com.st.stm32cube.ide.mcu.externaltools.gnu-tools-for-stm32.13.3.rel1.macos64_1.0.0.202411102158/tools/bin/../lib/gcc/arm-none-eabi/13.3.1/../../../../arm-none-eabi/lib/thumb/v7e-m+fp/hard/crt0.o (exit)
/Applications/STM32CubeIDE.app/Contents/Eclipse/plugins/com.st.stm32cube.ide.mcu.externaltools.gnu-tools-for-stm32.13.3.rel1.macos64_1.0.0.202411102158/tools/bin/../lib/gcc/arm-none-eabi/13.3.1/../../../../arm-none-eabi/lib/thumb/v7e-m+fp/hard/libc_nano.a(libc_a-findfp.o)
                              /Applications/STM32CubeIDE.app/Contents/Eclipse/plugins/com.st.stm32cube.ide.mcu.externaltools.gnu-tools-for-stm32.13.3.rel1.macos64_1.0.0.202411102158/tools/bin/../lib/gcc/arm-none-eabi/13.3.1/../../../../arm-none-eabi/lib/thumb/v7e-m+fp/hard/libc_nano.a(libc_a-exit.o) (__stdio_exit_handler)
/Applications/STM32CubeIDE.app/Contents/Eclipse/plugins/com.st.stm32cube.ide.mcu.externaltools.gnu-tools-for-stm32.13.3.rel1.macos64_1.0.0.202411102158/tools/bin/../lib/gcc/arm-none-eabi/13.3.1/../../../../arm-none-eabi/lib/thumb/v7e-m+fp/hard/libc_nano.a(libc_a-fwalk.o)
                              /Applications/STM32CubeIDE.app/Contents/Eclipse/plugins/com.st.stm32cube.ide.mcu.externaltools.gnu-tools-for-stm32.13.3.rel1.macos64_1.0.0.202411102158/tools/bin/../lib/gcc/arm-none-eabi/13.3.1/../../../../arm-none-eabi/lib/thumb/v7e-m+fp/hard/libc_nano.a(libc_a-findfp.o) (_fwalk_sglue)
/Applications/STM32CubeIDE.app/Contents/Eclipse/plugins/com.st.stm32cube.ide.mcu.externaltools.gnu-tools-for-stm32.13.3.rel1.macos64_1.0.0.202411102158/tools/bin/../lib/gcc/arm-none-eabi/13.3.1/../../../../arm-none-eabi/lib/thumb/v7e-m+fp/hard/libc_nano.a(libc_a-memset.o)
                              /Applications/STM32CubeIDE.app/Contents/Eclipse/plugins/com.st.stm32cube.ide.mcu.externaltools.gnu-tools-for-stm32.13.3.rel1.macos64_1.0.0.202411102158/tools/bin/../lib/gcc/arm-none-eabi/13.3.1/../../../../arm-none-eabi/lib/thumb/v7e-m+fp/hard/crt0.o (memset)
/Applications/STM32CubeIDE.app/Contents/Eclipse/plugins/com.st.stm32cube.ide.mcu.externaltools.gnu-tools-for-stm32.13.3.rel1.macos64_1.0.0.202411102158/tools/bin/../lib/gcc/arm-none-eabi/13.3.1/../../../../arm-none-eabi/lib/thumb/v7e-m+fp/hard/libc_nano.a(libc_a-errno.o)
                              ./Core/Src/syscalls.o (__errno)
/Applications/STM32CubeIDE.app/Contents/Eclipse/plugins/com.st.stm32cube.ide.mcu.externaltools.gnu-tools-for-stm32.13.3.rel1.macos64_1.0.0.202411102158/tools/bin/../lib/gcc/arm-none-eabi/13.3.1/../../../../arm-none-eabi/lib/thumb/v7e-m+fp/hard/libc_nano.a(libc_a-init.o)
                              /Applications/STM32CubeIDE.app/Contents/Eclipse/plugins/com.st.stm32cube.ide.mcu.externaltools.gnu-tools-for-stm32.13.3.rel1.macos64_1.0.0.202411102158/tools/bin/../lib/gcc/arm-none-eabi/13.3.1/../../../../arm-none-eabi/lib/thumb/v7e-m+fp/hard/crt0.o (__libc_init_array)
/Applications/STM32CubeIDE.app/Contents/Eclipse/plugins/com.st.stm32cube.ide.mcu.externaltools.gnu-tools-for-stm32.13.3.rel1.macos64_1.0.0.202411102158/tools/bin/../lib/gcc/arm-none-eabi/13.3.1/../../../../arm-none-eabi/lib/thumb/v7e-m+fp/hard/libc_nano.a(libc_a-lock.o)
                              /Applications/STM32CubeIDE.app/Contents/Eclipse/plugins/com.st.stm32cube.ide.mcu.externaltools.gnu-tools-for-stm32.13.3.rel1.macos64_1.0.0.202411102158/tools/bin/../lib/gcc/arm-none-eabi/13.3.1/../../../../arm-none-eabi/lib/thumb/v7e-m+fp/hard/libc_nano.a(libc_a-findfp.o) (__retarget_lock_init_recursive)
/Applications/STM32CubeIDE.app/Contents/Eclipse/plugins/com.st.stm32cube.ide.mcu.externaltools.gnu-tools-for-stm32.13.3.rel1.macos64_1.0.0.202411102158/tools/bin/../lib/gcc/arm-none-eabi/13.3.1/../../../../arm-none-eabi/lib/thumb/v7e-m+fp/hard/libc_nano.a(libc_a-impure.o)
                              /Applications/STM32CubeIDE.app/Contents/Eclipse/plugins/com.st.stm32cube.ide.mcu.externaltools.gnu-tools-for-stm32.13.3.rel1.macos64_1.0.0.202411102158/tools/bin/../lib/gcc/arm-none-eabi/13.3.1/../../../../arm-none-eabi/lib/thumb/v7e-m+fp/hard/libc_nano.a(libc_a-errno.o) (_impure_ptr)
/Applications/STM32CubeIDE.app/Contents/Eclipse/plugins/com.st.stm32cube.ide.mcu.externaltools.gnu-tools-for-stm32.13.3.rel1.macos64_1.0.0.202411102158/tools/bin/../lib/gcc/arm-none-eabi/13.3.1/../../../../arm-none-eabi/lib/thumb/v7e-m+fp/hard/libc_nano.a(libc_a-mallocr.o)
[...]
Memory Configuration

Name             Origin             Length             Attributes
RAM              0x20000000         0x00018000         xrw
RAM2             0x10000000         0x00008000         xrw
FLASH            0x08000000         0x00100000         xr
*default*        0x00000000         0xffffffff

Linker script and memory map

LOAD /Applications/STM32CubeIDE.app/Contents/Eclipse/plugins/com.st.stm32cube.ide.mcu.externaltools.gnu-tools-for-stm32.13.3.rel1.macos64_1.0.0.202411102158/tools/bin/../lib/gcc/arm-none-eabi/13.3.1/thumb/v7e-m+fp/hard/crti.o
LOAD /Applications/STM32CubeIDE.app/Contents/Eclipse/plugins/com.st.stm32cube.ide.mcu.externaltools.gnu-tools-for-stm32.13.3.rel1.macos64_1.0.0.202411102158/tools/bin/../lib/gcc/arm-none-eabi/13.3.1/thumb/v7e-m+fp/hard/crtbegin.o
LOAD /Applications/STM32CubeIDE.app/Contents/Eclipse/plugins/com.st.stm32cube.ide.mcu.externaltools.gnu-tools-for-stm32.13.3.rel1.macos64_1.0.0.202411102158/tools/bin/../lib/gcc/arm-none-eabi/13.3.1/../../../../arm-none-eabi/lib/thumb/v7e-m+fp/hard/crt0.o
LOAD ./Core/Src/brillez.o
LOAD ./Core/Src/dma.o
LOAD ./Core/Src/gpio.o
LOAD ./Core/Src/main.o
LOAD ./Core/Src/rng.o
LOAD ./Core/Src/stm32l4xx_hal_msp.o
LOAD ./Core/Src/stm32l4xx_it.o
LOAD ./Core/Src/syscalls.o
LOAD ./Core/Src/sysmem.o
LOAD ./Core/Src/system_stm32l4xx.o
LOAD ./Core/Src/tim.o
LOAD ./Core/Src/usart.o
LOAD ./Core/Src/ws2812b.o
LOAD ./Core/Startup/startup_stm32l476rgtx.o
LOAD ./Drivers/STM32L4xx_HAL_Driver/stm32l4xx_hal.o
LOAD ./Drivers/STM32L4xx_HAL_Driver/stm32l4xx_hal_cortex.o
LOAD ./Drivers/STM32L4xx_HAL_Driver/stm32l4xx_hal_dma.o
LOAD ./Drivers/STM32L4xx_HAL_Driver/stm32l4xx_hal_dma_ex.o
LOAD ./Drivers/STM32L4xx_HAL_Driver/stm32l4xx_hal_exti.o
LOAD ./Drivers/STM32L4xx_HAL_Driver/stm32l4xx_hal_flash.o
LOAD ./Drivers/STM32L4xx_HAL_Driver/stm32l4xx_hal_flash_ex.o
LOAD ./Drivers/STM32L4xx_HAL_Driver/stm32l4xx_hal_flash_ramfunc.o
LOAD ./Drivers/STM32L4xx_HAL_Driver/stm32l4xx_hal_gpio.o
LOAD ./Drivers/STM32L4xx_HAL_Driver/stm32l4xx_hal_i2c.o
LOAD ./Drivers/STM32L4xx_HAL_Driver/stm32l4xx_hal_i2c_ex.o
LOAD ./Drivers/STM32L4xx_HAL_Driver/stm32l4xx_hal_pwr.o
LOAD ./Drivers/STM32L4xx_HAL_Driver/stm32l4xx_hal_pwr_ex.o
LOAD ./Drivers/STM32L4xx_HAL_Driver/stm32l4xx_hal_rcc.o
LOAD ./Drivers/STM32L4xx_HAL_Driver/stm32l4xx_hal_rcc_ex.o
LOAD ./Drivers/STM32L4xx_HAL_Driver/stm32l4xx_hal_rng.o
LOAD ./Drivers/STM32L4xx_HAL_Driver/stm32l4xx_hal_tim.o
LOAD ./Drivers/STM32L4xx_HAL_Driver/stm32l4xx_hal_tim_ex.o
LOAD ./Drivers/STM32L4xx_HAL_Driver/stm32l4xx_hal_uart.o
LOAD ./Drivers/STM32L4xx_HAL_Driver/stm32l4xx_hal_uart_ex.o
START GROUP
LOAD /Applications/STM32CubeIDE.app/Contents/Eclipse/plugins/com.st.stm32cube.ide.mcu.externaltools.gnu-tools-for-stm32.13.3.rel1.macos64_1.0.0.202411102158/tools/bin/../lib/gcc/arm-none-eabi/13.3.1/../../../../arm-none-eabi/lib/thumb/v7e-m+fp/hard/libc_nano.a
LOAD /Applications/STM32CubeIDE.app/Contents/Eclipse/plugins/com.st.stm32cube.ide.mcu.externaltools.gnu-tools-for-stm32.13.3.rel1.macos64_1.0.0.202411102158/tools/bin/../lib/gcc/arm-none-eabi/13.3.1/../../../../arm-none-eabi/lib/thumb/v7e-m+fp/hard/libm.a
END GROUP
START GROUP
LOAD /Applications/STM32CubeIDE.app/Contents/Eclipse/plugins/com.st.stm32cube.ide.mcu.externaltools.gnu-tools-for-stm32.13.3.rel1.macos64_1.0.0.202411102158/tools/bin/../lib/gcc/arm-none-eabi/13.3.1/thumb/v7e-m+fp/hard/libgcc.a
LOAD /Applications/STM32CubeIDE.app/Contents/Eclipse/plugins/com.st.stm32cube.ide.mcu.externaltools.gnu-tools-for-stm32.13.3.rel1.macos64_1.0.0.202411102158/tools/bin/../lib/gcc/arm-none-eabi/13.3.1/../../../../arm-none-eabi/lib/thumb/v7e-m+fp/hard/libc_nano.a
END GROUP
START GROUP
LOAD /Applications/STM32CubeIDE.app/Contents/Eclipse/plugins/com.st.stm32cube.ide.mcu.externaltools.gnu-tools-for-stm32.13.3.rel1.macos64_1.0.0.202411102158/tools/bin/../lib/gcc/arm-none-eabi/13.3.1/thumb/v7e-m+fp/hard/libgcc.a
LOAD /Applications/STM32CubeIDE.app/Contents/Eclipse/plugins/com.st.stm32cube.ide.mcu.externaltools.gnu-tools-for-stm32.13.3.rel1.macos64_1.0.0.202411102158/tools/bin/../lib/gcc/arm-none-eabi/13.3.1/../../../../arm-none-eabi/lib/thumb/v7e-m+fp/hard/libc_nano.a
LOAD /Applications/STM32CubeIDE.app/Contents/Eclipse/plugins/com.st.stm32cube.ide.mcu.externaltools.gnu-tools-for-stm32.13.3.rel1.macos64_1.0.0.202411102158/tools/bin/../lib/gcc/arm-none-eabi/13.3.1/../../../../arm-none-eabi/lib/thumb/v7e-m+fp/hard/libnosys.a
END GROUP
START GROUP
LOAD /Applications/STM32CubeIDE.app/Contents/Eclipse/plugins/com.st.stm32cube.ide.mcu.externaltools.gnu-tools-for-stm32.13.3.rel1.macos64_1.0.0.202411102158/tools/bin/../lib/gcc/arm-none-eabi/13.3.1/thumb/v7e-m+fp/hard/libgcc.a
LOAD /Applications/STM32CubeIDE.app/Contents/Eclipse/plugins/com.st.stm32cube.ide.mcu.externaltools.gnu-tools-for-stm32.13.3.rel1.macos64_1.0.0.202411102158/tools/bin/../lib/gcc/arm-none-eabi/13.3.1/../../../../arm-none-eabi/lib/thumb/v7e-m+fp/hard/libc_nano.a
LOAD /Applications/STM32CubeIDE.app/Contents/Eclipse/plugins/com.st.stm32cube.ide.mcu.externaltools.gnu-tools-for-stm32.13.3.rel1.macos64_1.0.0.202411102158/tools/bin/../lib/gcc/arm-none-eabi/13.3.1/../../../../arm-none-eabi/lib/thumb/v7e-m+fp/hard/libnosys.a
END GROUP
LOAD /Applications/STM32CubeIDE.app/Contents/Eclipse/plugins/com.st.stm32cube.ide.mcu.externaltools.gnu-tools-for-stm32.13.3.rel1.macos64_1.0.0.202411102158/tools/bin/../lib/gcc/arm-none-eabi/13.3.1/thumb/v7e-m+fp/hard/crtend.o
LOAD /Applications/STM32CubeIDE.app/Contents/Eclipse/plugins/com.st.stm32cube.ide.mcu.externaltools.gnu-tools-for-stm32.13.3.rel1.macos64_1.0.0.202411102158/tools/bin/../lib/gcc/arm-none-eabi/13.3.1/thumb/v7e-m+fp/hard/crtn.o
                0x20018000                        _estack = (ORIGIN (RAM) + LENGTH (RAM))
                0x00000200                        _Min_Heap_Size = 0x200
                0x00000400                        _Min_Stack_Size = 0x400

.isr_vector     0x08000000      0x188
                0x08000000                        . = ALIGN (0x4)
 *(.isr_vector)
 .isr_vector    0x08000000      0x188 ./Core/Startup/startup_stm32l476rgtx.o
                0x08000000                g_pfnVectors
                0x08000188                        . = ALIGN (0x4)

.text           0x08000188     0x527c
                0x08000188                        . = ALIGN (0x4)
 *(.text)
 .text          0x08000188       0x40 /Applications/STM32CubeIDE.app/Contents/Eclipse/plugins/com.st.stm32cube.ide.mcu.externaltools.gnu-tools-for-stm32.13.3.rel1.macos64_1.0.0.202411102158/tools/bin/../lib/gcc/arm-none-eabi/13.3.1/thumb/v7e-m+fp/hard/crtbegin.o
 .text          0x080001c8       0x30 /Applications/STM32CubeIDE.app/Contents/Eclipse/plugins/com.st.stm32cube.ide.mcu.externaltools.gnu-tools-for-stm32.13.3.rel1.macos64_1.0.0.202411102158/tools/bin/../lib/gcc/arm-none-eabi/13.3.1/thumb/v7e-m+fp/hard/libgcc.a(_aeabi_uldivmod.o)
                0x080001c8                __aeabi_uldivmod
 .text          0x080001f8      0x2f8 /Applications/STM32CubeIDE.app/Contents/Eclipse/plugins/com.st.stm32cube.ide.mcu.externaltools.gnu-tools-for-stm32.13.3.rel1.macos64_1.0.0.202411102158/tools/bin/../lib/gcc/arm-none-eabi/13.3.1/thumb/v7e-m+fp/hard/libgcc.a(_udivmoddi4.o)
                0x080001f8                __udivmoddi4
 .text          0x080004f0        0x4 /Applications/STM32CubeIDE.app/Contents/Eclipse/plugins/com.st.stm32cube.ide.mcu.externaltools.gnu-tools-for-stm32.13.3.rel1.macos64_1.0.0.202411102158/tools/bin/../lib/gcc/arm-none-eabi/13.3.1/thumb/v7e-m+fp/hard/libgcc.a(_dvmd_tls.o)
                0x080004f0                __aeabi_ldiv0
                0x080004f0                __aeabi_idiv0
 *(.text*)
 .text.chaser_forward
                0x080004f4       0x70 ./Core/Src/brillez.o
                0x080004f4                chaser_forward
 .text.chaser_backward
                0x08000564       0x7c ./Core/Src/brillez.o
                0x08000564                chaser_backward
 .text.chaser_from_center
                0x080005e0       0xb4 ./Core/Src/brillez.o
                0x080005e0                chaser_from_center
 .text.chaser_to_center
                0x08000694       0xa0 ./Core/Src/brillez.o
                0x08000694                chaser_to_center
 .text.blink    0x08000734       0x70 ./Core/Src/brillez.o
                0x08000734                blink
 .text.MX_DMA_Init
                0x080007a4       0x3c ./Core/Src/dma.o
                0x080007a4                MX_DMA_Init
 .text.MX_GPIO_Init
                0x080007e0       0xcc ./Core/Src/gpio.o
                0x080007e0                MX_GPIO_Init
 .text.main     0x080008ac      0x108 ./Core/Src/main.o
                0x080008ac                main
 .text.SystemClock_Config
                0x080009b4       0xa2 ./Core/Src/main.o
                0x080009b4                SystemClock_Config
 .text.Error_Handler
                0x08000a56        0xc ./Core/Src/main.o
                0x08000a56                Error_Handler
 *fill*         0x08000a62        0x2 
 .text.MX_RNG_Init
                0x08000a64       0x28 ./Core/Src/rng.o
                0x08000a64                MX_RNG_Init
 .text.HAL_RNG_MspInit
                0x08000a8c       0x88 ./Core/Src/rng.o
                0x08000a8c                HAL_RNG_MspInit
 .text.HAL_MspInit
                0x08000b14       0x48 ./Core/Src/stm32l4xx_hal_msp.o
                0x08000b14                HAL_MspInit
 .text.NMI_Handler
                0x08000b5c        0x8 ./Core/Src/stm32l4xx_it.o
                0x08000b5c                NMI_Handler
 .text.HardFault_Handler
                0x08000b64        0x8 ./Core/Src/stm32l4xx_it.o
                0x08000b64                HardFault_Handler
 .text.MemManage_Handler
                0x08000b6c        0x8 ./Core/Src/stm32l4xx_it.o
                0x08000b6c                MemManage_Handler
 .text.BusFault_Handler
                0x08000b74        0x8 ./Core/Src/stm32l4xx_it.o
                0x08000b74                BusFault_Handler
 .text.UsageFault_Handler
                0x08000b7c        0x8 ./Core/Src/stm32l4xx_it.o
                0x08000b7c                UsageFault_Handler
 .text.SVC_Handler
                0x08000b84        0xe ./Core/Src/stm32l4xx_it.o
                0x08000b84                SVC_Handler
 .text.DebugMon_Handler
                0x08000b92        0xe ./Core/Src/stm32l4xx_it.o
                0x08000b92                DebugMon_Handler
 .text.PendSV_Handler
                0x08000ba0        0xe ./Core/Src/stm32l4xx_it.o
                0x08000ba0                PendSV_Handler
 .text.SysTick_Handler
                0x08000bae        0xc ./Core/Src/stm32l4xx_it.o
                0x08000bae                SysTick_Handler
 *fill*         0x08000bba        0x2 
 .text.DMA1_Channel2_IRQHandler
                0x08000bbc       0x14 ./Core/Src/stm32l4xx_it.o
                0x08000bbc                DMA1_Channel2_IRQHandler
 .text.SystemInit
                0x08000bd0       0x24 ./Core/Src/system_stm32l4xx.o
                0x08000bd0                SystemInit
 .text.MX_TIM1_Init
                0x08000bf4      0x158 ./Core/Src/tim.o
                0x08000bf4                MX_TIM1_Init
 .text.HAL_TIM_Base_MspInit
                0x08000d4c       0x9c ./Core/Src/tim.o
                0x08000d4c                HAL_TIM_Base_MspInit
 .text.HAL_TIM_MspPostInit
                0x08000de8       0x70 ./Core/Src/tim.o
                0x08000de8                HAL_TIM_MspPostInit
 .text.MX_USART2_UART_Init
                0x08000e58       0x60 ./Core/Src/usart.o
                0x08000e58                MX_USART2_UART_Init
 .text.HAL_UART_MspInit
                0x08000eb8       0xb8 ./Core/Src/usart.o
                0x08000eb8                HAL_UART_MspInit
 .text.ws2812b_set_led_hex
                0x08000f70       0x3c ./Core/Src/ws2812b.o
                0x08000f70                ws2812b_set_led_hex
 .text.ws2812b_set_led_rgb
                0x08000fac       0x9c ./Core/Src/ws2812b.o
                0x08000fac                ws2812b_set_led_rgb
 .text.ws2812b_send_buffer
                0x08001048       0x40 ./Core/Src/ws2812b.o
                0x08001048                ws2812b_send_buffer
 .text.Reset_Handler
                0x08001088       0x50 ./Core/Startup/startup_stm32l476rgtx.o
                0x08001088                Reset_Handler
 .text.Default_Handler
                0x080010d8        0x2 ./Core/Startup/startup_stm32l476rgtx.o
                0x080010d8                TIM1_BRK_TIM15_IRQHandler
                0x080010d8                EXTI2_IRQHandler
                0x080010d8                TIM8_TRG_COM_IRQHandler
                0x080010d8                TIM8_CC_IRQHandler
                0x080010d8                TIM1_CC_IRQHandler
                0x080010d8                TSC_IRQHandler
                0x080010d8                TAMP_STAMP_IRQHandler
                0x080010d8                EXTI3_IRQHandler
                0x080010d8                LPTIM2_IRQHandler
                0x080010d8                DFSDM1_FLT1_IRQHandler
                0x080010d8                I2C3_ER_IRQHandler
                0x080010d8                DFSDM1_FLT2_IRQHandler
                0x080010d8                EXTI0_IRQHandler
                0x080010d8                I2C2_EV_IRQHandler
                0x080010d8                CAN1_RX0_IRQHandler
                0x080010d8                FPU_IRQHandler
                0x080010d8                TIM1_UP_TIM16_IRQHandler
                0x080010d8                ADC1_2_IRQHandler
                0x080010d8                SPI1_IRQHandler
                0x080010d8                TIM6_DAC_IRQHandler
                0x080010d8                TIM8_UP_IRQHandler
                0x080010d8                DMA2_Channel2_IRQHandler
                0x080010d8                DMA1_Channel4_IRQHandler
                0x080010d8                SAI2_IRQHandler
                0x080010d8                DFSDM1_FLT3_IRQHandler
                0x080010d8                USART3_IRQHandler
                0x080010d8                DMA1_Channel7_IRQHandler
                0x080010d8                CAN1_RX1_IRQHandler
                0x080010d8                LCD_IRQHandler
                0x080010d8                UART5_IRQHandler
                0x080010d8                ADC3_IRQHandler
                0x080010d8                TIM4_IRQHandler
                0x080010d8                DMA2_Channel1_IRQHandler
                0x080010d8                QUADSPI_IRQHandler
                0x080010d8                I2C1_EV_IRQHandler
                0x080010d8                DMA1_Channel6_IRQHandler
                0x080010d8                UART4_IRQHandler
                0x080010d8                DMA2_Channel4_IRQHandler
                0x080010d8                TIM3_IRQHandler
                0x080010d8                RCC_IRQHandler
                0x080010d8                DMA1_Channel1_IRQHandler
                0x080010d8                Default_Handler
                0x080010d8                DMA2_Channel7_IRQHandler
                0x080010d8                EXTI15_10_IRQHandler
                0x080010d8                TIM7_IRQHandler
                0x080010d8                SDMMC1_IRQHandler
                0x080010d8                TIM5_IRQHandler
                0x080010d8                I2C3_EV_IRQHandler
                0x080010d8                EXTI9_5_IRQHandler
                0x080010d8                RTC_WKUP_IRQHandler
                0x080010d8                PVD_PVM_IRQHandler
                0x080010d8                SPI2_IRQHandler
                0x080010d8                CAN1_TX_IRQHandler
                0x080010d8                DMA2_Channel5_IRQHandler
                0x080010d8                DMA1_Channel5_IRQHandler
                0x080010d8                EXTI4_IRQHandler
                0x080010d8                RNG_IRQHandler
                0x080010d8                TIM1_TRG_COM_TIM17_IRQHandler
                0x080010d8                DMA1_Channel3_IRQHandler
                0x080010d8                COMP_IRQHandler
                0x080010d8                WWDG_IRQHandler
                0x080010d8                LPUART1_IRQHandler
                0x080010d8                DMA2_Channel6_IRQHandler
                0x080010d8                TIM2_IRQHandler
                0x080010d8                EXTI1_IRQHandler
                0x080010d8                USART2_IRQHandler
                0x080010d8                DFSDM1_FLT0_IRQHandler
                0x080010d8                I2C2_ER_IRQHandler
                0x080010d8                TIM8_BRK_IRQHandler
                0x080010d8                CAN1_SCE_IRQHandler
                0x080010d8                FLASH_IRQHandler
                0x080010d8                USART1_IRQHandler
                0x080010d8                OTG_FS_IRQHandler
                0x080010d8                SPI3_IRQHandler
                0x080010d8                I2C1_ER_IRQHandler
                0x080010d8                FMC_IRQHandler
                0x080010d8                SWPMI1_IRQHandler
                0x080010d8                LPTIM1_IRQHandler
                0x080010d8                SAI1_IRQHandler
                0x080010d8                DMA2_Channel3_IRQHandler
                0x080010d8                RTC_Alarm_IRQHandler
 *fill*         0x080010da        0x2 
 .text.HAL_Init
                0x080010dc       0x40 ./Drivers/STM32L4xx_HAL_Driver/stm32l4xx_hal.o
                0x080010dc                HAL_Init
 .text.HAL_InitTick
                0x0800111c       0x78 ./Drivers/STM32L4xx_HAL_Driver/stm32l4xx_hal.o
                0x0800111c                HAL_InitTick
 .text.HAL_IncTick
                0x08001194       0x28 ./Drivers/STM32L4xx_HAL_Driver/stm32l4xx_hal.o
                0x08001194                HAL_IncTick
 .text.HAL_GetTick
                0x080011bc       0x18 ./Drivers/STM32L4xx_HAL_Driver/stm32l4xx_hal.o
                0x080011bc                HAL_GetTick
 .text.HAL_Delay
                0x080011d4       0x48 ./Drivers/STM32L4xx_HAL_Driver/stm32l4xx_hal.o
                0x080011d4                HAL_Delay
 .text.__NVIC_SetPriorityGrouping
                0x0800121c       0x48 ./Drivers/STM32L4xx_HAL_Driver/stm32l4xx_hal_cortex.o
 .text.__NVIC_GetPriorityGrouping
                0x08001264       0x1c ./Drivers/STM32L4xx_HAL_Driver/stm32l4xx_hal_cortex.o
 .text.__NVIC_EnableIRQ
                0x08001280       0x3c ./Drivers/STM32L4xx_HAL_Driver/stm32l4xx_hal_cortex.o
 .text.__NVIC_SetPriority
                0x080012bc       0x54 ./Drivers/STM32L4xx_HAL_Driver/stm32l4xx_hal_cortex.o
 .text.NVIC_EncodePriority
                0x08001310       0x66 ./Drivers/STM32L4xx_HAL_Driver/stm32l4xx_hal_cortex.o
 *fill*         0x08001376        0x2 
 .text.SysTick_Config
                0x08001378       0x44 ./Drivers/STM32L4xx_HAL_Driver/stm32l4xx_hal_cortex.o
 .text.HAL_NVIC_SetPriorityGrouping
                0x080013bc       0x16 ./Drivers/STM32L4xx_HAL_Driver/stm32l4xx_hal_cortex.o
                0x080013bc                HAL_NVIC_SetPriorityGrouping
 .text.HAL_NVIC_SetPriority
                0x080013d2       0x38 ./Drivers/STM32L4xx_HAL_Driver/stm32l4xx_hal_cortex.o
                0x080013d2                HAL_NVIC_SetPriority
 .text.HAL_NVIC_EnableIRQ
                0x0800140a       0x1c ./Drivers/STM32L4xx_HAL_Driver/stm32l4xx_hal_cortex.o
                0x0800140a                HAL_NVIC_EnableIRQ
 .text.HAL_SYSTICK_Config
                0x08001426       0x18 ./Drivers/STM32L4xx_HAL_Driver/stm32l4xx_hal_cortex.o
                0x08001426                HAL_SYSTICK_Config
 *fill*         0x0800143e        0x2 
 .text.HAL_DMA_Init
                0x08001440      0x170 ./Drivers/STM32L4xx_HAL_Driver/stm32l4xx_hal_dma.o
                0x08001440                HAL_DMA_Init
 .text.HAL_DMA_Start_IT
                0x080015b0       0xc0 ./Drivers/STM32L4xx_HAL_Driver/stm32l4xx_hal_dma.o
                0x080015b0                HAL_DMA_Start_IT
 .text.HAL_DMA_IRQHandler
                0x08001670      0x15e ./Drivers/STM32L4xx_HAL_Driver/stm32l4xx_hal_dma.o
                0x08001670                HAL_DMA_IRQHandler
 .text.DMA_SetConfig
                0x080017ce       0x60 ./Drivers/STM32L4xx_HAL_Driver/stm32l4xx_hal_dma.o
 *fill*         0x0800182e        0x2 
 .text.HAL_GPIO_Init
                0x08001830      0x354 ./Drivers/STM32L4xx_HAL_Driver/stm32l4xx_hal_gpio.o
                0x08001830                HAL_GPIO_Init
 .text.HAL_GPIO_WritePin
                0x08001b84       0x30 ./Drivers/STM32L4xx_HAL_Driver/stm32l4xx_hal_gpio.o
                0x08001b84                HAL_GPIO_WritePin
 .text.HAL_GPIO_TogglePin
                0x08001bb4       0x34 ./Drivers/STM32L4xx_HAL_Driver/stm32l4xx_hal_gpio.o
                0x08001bb4                HAL_GPIO_TogglePin
 .text.HAL_PWREx_GetVoltageRange
                0x08001be8       0x1c ./Drivers/STM32L4xx_HAL_Driver/stm32l4xx_hal_pwr_ex.o
                0x08001be8                HAL_PWREx_GetVoltageRange
 .text.HAL_PWREx_ControlVoltageScaling
                0x08001c04       0xac ./Drivers/STM32L4xx_HAL_Driver/stm32l4xx_hal_pwr_ex.o
                0x08001c04                HAL_PWREx_ControlVoltageScaling
 .text.HAL_RCC_OscConfig
                0x08001cb0      0x7b8 ./Drivers/STM32L4xx_HAL_Driver/stm32l4xx_hal_rcc.o
                0x08001cb0                HAL_RCC_OscConfig
 .text.HAL_RCC_ClockConfig
                0x08002468      0x200 ./Drivers/STM32L4xx_HAL_Driver/stm32l4xx_hal_rcc.o
                0x08002468                HAL_RCC_ClockConfig
 .text.HAL_RCC_GetSysClockFreq
                0x08002668      0x118 ./Drivers/STM32L4xx_HAL_Driver/stm32l4xx_hal_rcc.o
                0x08002668                HAL_RCC_GetSysClockFreq
 .text.HAL_RCC_GetHCLKFreq
                0x08002780       0x18 ./Drivers/STM32L4xx_HAL_Driver/stm32l4xx_hal_rcc.o
                0x08002780                HAL_RCC_GetHCLKFreq
 .text.HAL_RCC_GetPCLK1Freq
                0x08002798       0x2c ./Drivers/STM32L4xx_HAL_Driver/stm32l4xx_hal_rcc.o
                0x08002798                HAL_RCC_GetPCLK1Freq
 .text.HAL_RCC_GetPCLK2Freq
                0x080027c4       0x2c ./Drivers/STM32L4xx_HAL_Driver/stm32l4xx_hal_rcc.o
                0x080027c4                HAL_RCC_GetPCLK2Freq
 .text.RCC_SetFlashLatencyFromMSIRange
                0x080027f0       0xc0 ./Drivers/STM32L4xx_HAL_Driver/stm32l4xx_hal_rcc.o
 .text.HAL_RCCEx_PeriphCLKConfig
                0x080028b0      0x5d4 ./Drivers/STM32L4xx_HAL_Driver/stm32l4xx_hal_rcc_ex.o
                0x080028b0                HAL_RCCEx_PeriphCLKConfig
 .text.RCCEx_PLLSAI1_Config
                0x08002e84      0x1e8 ./Drivers/STM32L4xx_HAL_Driver/stm32l4xx_hal_rcc_ex.o
 .text.RCCEx_PLLSAI2_Config
                0x0800306c      0x1bc ./Drivers/STM32L4xx_HAL_Driver/stm32l4xx_hal_rcc_ex.o
 .text.HAL_RNG_Init
                0x08003228       0xae ./Drivers/STM32L4xx_HAL_Driver/stm32l4xx_hal_rng.o
                0x08003228                HAL_RNG_Init
 .text.HAL_RNG_GenerateRandomNumber
                0x080032d6       0xac ./Drivers/STM32L4xx_HAL_Driver/stm32l4xx_hal_rng.o
                0x080032d6                HAL_RNG_GenerateRandomNumber
 .text.HAL_TIM_Base_Init
                0x08003382       0xae ./Drivers/STM32L4xx_HAL_Driver/stm32l4xx_hal_tim.o
                0x08003382                HAL_TIM_Base_Init
 .text.HAL_TIM_PWM_Init
                0x08003430       0xae ./Drivers/STM32L4xx_HAL_Driver/stm32l4xx_hal_tim.o
                0x08003430                HAL_TIM_PWM_Init
 .text.HAL_TIM_PWM_MspInit
                0x080034de       0x14 ./Drivers/STM32L4xx_HAL_Driver/stm32l4xx_hal_tim.o
                0x080034de                HAL_TIM_PWM_MspInit
 *fill*         0x080034f2        0x2 
 .text.HAL_TIM_PWM_Start_DMA
                0x080034f4      0x440 ./Drivers/STM32L4xx_HAL_Driver/stm32l4xx_hal_tim.o
                0x080034f4                HAL_TIM_PWM_Start_DMA
 .text.HAL_TIM_PWM_ConfigChannel
                0x08003934      0x228 ./Drivers/STM32L4xx_HAL_Driver/stm32l4xx_hal_tim.o
                0x08003934                HAL_TIM_PWM_ConfigChannel
 .text.HAL_TIM_ConfigClockSource
                0x08003b5c      0x192 ./Drivers/STM32L4xx_HAL_Driver/stm32l4xx_hal_tim.o
                0x08003b5c                HAL_TIM_ConfigClockSource
 .text.HAL_TIM_PWM_PulseFinishedCallback
                0x08003cee       0x14 ./Drivers/STM32L4xx_HAL_Driver/stm32l4xx_hal_tim.o
                0x08003cee                HAL_TIM_PWM_PulseFinishedCallback
 .text.HAL_TIM_PWM_PulseFinishedHalfCpltCallback
                0x08003d02       0x14 ./Drivers/STM32L4xx_HAL_Driver/stm32l4xx_hal_tim.o
                0x08003d02                HAL_TIM_PWM_PulseFinishedHalfCpltCallback
 .text.HAL_TIM_ErrorCallback
                0x08003d16       0x14 ./Drivers/STM32L4xx_HAL_Driver/stm32l4xx_hal_tim.o
                0x08003d16                HAL_TIM_ErrorCallback
 .text.TIM_DMAError
                0x08003d2a       0x92 ./Drivers/STM32L4xx_HAL_Driver/stm32l4xx_hal_tim.o
                0x08003d2a                TIM_DMAError
 .text.TIM_DMADelayPulseCplt
                0x08003dbc       0xa8 ./Drivers/STM32L4xx_HAL_Driver/stm32l4xx_hal_tim.o
 .text.TIM_DMADelayPulseHalfCplt
                0x08003e64       0x68 ./Drivers/STM32L4xx_HAL_Driver/stm32l4xx_hal_tim.o
                0x08003e64                TIM_DMADelayPulseHalfCplt
 .text.TIM_Base_SetConfig
                0x08003ecc      0x14c ./Drivers/STM32L4xx_HAL_Driver/stm32l4xx_hal_tim.o
                0x08003ecc                TIM_Base_SetConfig
 .text.TIM_OC1_SetConfig
                0x08004018      0x120 ./Drivers/STM32L4xx_HAL_Driver/stm32l4xx_hal_tim.o
 .text.TIM_OC2_SetConfig
                0x08004138      0x114 ./Drivers/STM32L4xx_HAL_Driver/stm32l4xx_hal_tim.o
                0x08004138                TIM_OC2_SetConfig
 .text.TIM_OC3_SetConfig
                0x0800424c      0x110 ./Drivers/STM32L4xx_HAL_Driver/stm32l4xx_hal_tim.o
 .text.TIM_OC4_SetConfig
                0x0800435c       0xd4 ./Drivers/STM32L4xx_HAL_Driver/stm32l4xx_hal_tim.o
 .text.TIM_OC5_SetConfig
                0x08004430       0xc8 ./Drivers/STM32L4xx_HAL_Driver/stm32l4xx_hal_tim.o
 .text.TIM_OC6_SetConfig
                0x080044f8       0xcc ./Drivers/STM32L4xx_HAL_Driver/stm32l4xx_hal_tim.o
 .text.TIM_TI1_ConfigInputStage
                0x080045c4       0x5e ./Drivers/STM32L4xx_HAL_Driver/stm32l4xx_hal_tim.o
 .text.TIM_TI2_ConfigInputStage
                0x08004622       0x60 ./Drivers/STM32L4xx_HAL_Driver/stm32l4xx_hal_tim.o
 .text.TIM_ITRx_SetConfig
                0x08004682       0x36 ./Drivers/STM32L4xx_HAL_Driver/stm32l4xx_hal_tim.o
 .text.TIM_ETR_SetConfig
                0x080046b8       0x40 ./Drivers/STM32L4xx_HAL_Driver/stm32l4xx_hal_tim.o
                0x080046b8                TIM_ETR_SetConfig
 .text.TIM_CCxChannelCmd
                0x080046f8       0x4a ./Drivers/STM32L4xx_HAL_Driver/stm32l4xx_hal_tim.o
                0x080046f8                TIM_CCxChannelCmd
 *fill*         0x08004742        0x2 
 .text.HAL_TIMEx_MasterConfigSynchronization
                0x08004744      0x110 ./Drivers/STM32L4xx_HAL_Driver/stm32l4xx_hal_tim_ex.o
                0x08004744                HAL_TIMEx_MasterConfigSynchronization
 .text.HAL_TIMEx_ConfigBreakDeadTime
                0x08004854       0xfc ./Drivers/STM32L4xx_HAL_Driver/stm32l4xx_hal_tim_ex.o
                0x08004854                HAL_TIMEx_ConfigBreakDeadTime
 .text.HAL_UART_Init
                0x08004950       0x9c ./Drivers/STM32L4xx_HAL_Driver/stm32l4xx_hal_uart.o
                0x08004950                HAL_UART_Init
 .text.UART_SetConfig
                0x080049ec      0x570 ./Drivers/STM32L4xx_HAL_Driver/stm32l4xx_hal_uart.o
                0x080049ec                UART_SetConfig
 .text.UART_AdvFeatureConfig
                0x08004f5c      0x144 ./Drivers/STM32L4xx_HAL_Driver/stm32l4xx_hal_uart.o
                0x08004f5c                UART_AdvFeatureConfig
 .text.UART_CheckIdleState
                0x080050a0      0x150 ./Drivers/STM32L4xx_HAL_Driver/stm32l4xx_hal_uart.o
                0x080050a0                UART_CheckIdleState
 .text.UART_WaitOnFlagUntilTimeout
                0x080051f0       0xda ./Drivers/STM32L4xx_HAL_Driver/stm32l4xx_hal_uart.o
                0x080051f0                UART_WaitOnFlagUntilTimeout
 .text.UART_EndRxTransfer
                0x080052ca       0xc8 ./Drivers/STM32L4xx_HAL_Driver/stm32l4xx_hal_uart.o
 .text.memset   0x08005392       0x10 /Applications/STM32CubeIDE.app/Contents/Eclipse/plugins/com.st.stm32cube.ide.mcu.externaltools.gnu-tools-for-stm32.13.3.rel1.macos64_1.0.0.202411102158/tools/bin/../lib/gcc/arm-none-eabi/13.3.1/../../../../arm-none-eabi/lib/thumb/v7e-m+fp/hard/libc_nano.a(libc_a-memset.o)
                0x08005392                memset
 *fill*         0x080053a2        0x2 
 .text.__libc_init_array
                0x080053a4       0x48 /Applications/STM32CubeIDE.app/Contents/Eclipse/plugins/com.st.stm32cube.ide.mcu.externaltools.gnu-tools-for-stm32.13.3.rel1.macos64_1.0.0.202411102158/tools/bin/../lib/gcc/arm-none-eabi/13.3.1/../../../../arm-none-eabi/lib/thumb/v7e-m+fp/hard/libc_nano.a(libc_a-init.o)
                0x080053a4                __libc_init_array
 *(.glue_7)
 .glue_7        0x080053ec        0x0 linker stubs
 *(.glue_7t)
 .glue_7t       0x080053ec        0x0 linker stubs
 *(.eh_frame)
 .eh_frame      0x080053ec        0x0 /Applications/STM32CubeIDE.app/Contents/Eclipse/plugins/com.st.stm32cube.ide.mcu.externaltools.gnu-tools-for-stm32.13.3.rel1.macos64_1.0.0.202411102158/tools/bin/../lib/gcc/arm-none-eabi/13.3.1/thumb/v7e-m+fp/hard/crtbegin.o
 *(.init)
 .init          0x080053ec        0x4 /Applications/STM32CubeIDE.app/Contents/Eclipse/plugins/com.st.stm32cube.ide.mcu.externaltools.gnu-tools-for-stm32.13.3.rel1.macos64_1.0.0.202411102158/tools/bin/../lib/gcc/arm-none-eabi/13.3.1/thumb/v7e-m+fp/hard/crti.o
                0x080053ec                _init
 .init          0x080053f0        0x8 /Applications/STM32CubeIDE.app/Contents/Eclipse/plugins/com.st.stm32cube.ide.mcu.externaltools.gnu-tools-for-stm32.13.3.rel1.macos64_1.0.0.202411102158/tools/bin/../lib/gcc/arm-none-eabi/13.3.1/thumb/v7e-m+fp/hard/crtn.o
 *(.fini)
 .fini          0x080053f8        0x4 /Applications/STM32CubeIDE.app/Contents/Eclipse/plugins/com.st.stm32cube.ide.mcu.externaltools.gnu-tools-for-stm32.13.3.rel1.macos64_1.0.0.202411102158/tools/bin/../lib/gcc/arm-none-eabi/13.3.1/thumb/v7e-m+fp/hard/crti.o
                0x080053f8                _fini
 .fini          0x080053fc        0x8 /Applications/STM32CubeIDE.app/Contents/Eclipse/plugins/com.st.stm32cube.ide.mcu.externaltools.gnu-tools-for-stm32.13.3.rel1.macos64_1.0.0.202411102158/tools/bin/../lib/gcc/arm-none-eabi/13.3.1/thumb/v7e-m+fp/hard/crtn.o
                0x08005404                        . = ALIGN (0x4)
                0x08005404                        _etext = .

.vfp11_veneer   0x08005404        0x0
 .vfp11_veneer  0x08005404        0x0 linker stubs

.v4_bx          0x08005404        0x0
 .v4_bx         0x08005404        0x0 linker stubs

.iplt           0x08005404        0x0
 .iplt          0x08005404        0x0 /Applications/STM32CubeIDE.app/Contents/Eclipse/plugins/com.st.stm32cube.ide.mcu.externaltools.gnu-tools-for-stm32.13.3.rel1.macos64_1.0.0.202411102158/tools/bin/../lib/gcc/arm-none-eabi/13.3.1/thumb/v7e-m+fp/hard/crtbegin.o

.rodata         0x08005404       0x48
                0x08005404                        . = ALIGN (0x4)
 *(.rodata)
 *(.rodata*)
 .rodata.AHBPrescTable
                0x08005404       0x10 ./Core/Src/system_stm32l4xx.o
                0x08005404                AHBPrescTable
 .rodata.APBPrescTable
                0x08005414        0x8 ./Core/Src/system_stm32l4xx.o
                0x08005414                APBPrescTable
 .rodata.MSIRangeTable
                0x0800541c       0x30 ./Core/Src/system_stm32l4xx.o
                0x0800541c                MSIRangeTable
                0x0800544c                        . = ALIGN (0x4)

.ARM.extab      0x0800544c        0x0
                0x0800544c                        . = ALIGN (0x4)
 *(.ARM.extab* .gnu.linkonce.armextab.*)
                0x0800544c                        . = ALIGN (0x4)

.ARM            0x0800544c        0x8
                0x0800544c                        . = ALIGN (0x4)
                0x0800544c                        __exidx_start = .
 *(.ARM.exidx*)
 .ARM.exidx     0x0800544c        0x8 /Applications/STM32CubeIDE.app/Contents/Eclipse/plugins/com.st.stm32cube.ide.mcu.externaltools.gnu-tools-for-stm32.13.3.rel1.macos64_1.0.0.202411102158/tools/bin/../lib/gcc/arm-none-eabi/13.3.1/thumb/v7e-m+fp/hard/libgcc.a(_udivmoddi4.o)
                0x08005454                        __exidx_end = .
                0x08005454                        . = ALIGN (0x4)

.preinit_array  0x08005454        0x0
                0x08005454                        . = ALIGN (0x4)
                0x08005454                        PROVIDE (__preinit_array_start = .)
 *(.preinit_array*)
                0x08005454                        PROVIDE (__preinit_array_end = .)
                0x08005454                        . = ALIGN (0x4)

.init_array     0x08005454        0x4
                0x08005454                        . = ALIGN (0x4)
                0x08005454                        PROVIDE (__init_array_start = .)
 *(SORT_BY_NAME(.init_array.*))
 *(.init_array*)
 .init_array    0x08005454        0x4 /Applications/STM32CubeIDE.app/Contents/Eclipse/plugins/com.st.stm32cube.ide.mcu.externaltools.gnu-tools-for-stm32.13.3.rel1.macos64_1.0.0.202411102158/tools/bin/../lib/gcc/arm-none-eabi/13.3.1/thumb/v7e-m+fp/hard/crtbegin.o
                0x08005458                        PROVIDE (__init_array_end = .)
                0x08005458                        . = ALIGN (0x4)

.fini_array     0x08005458        0x4
                0x08005458                        . = ALIGN (0x4)
                [!provide]                        PROVIDE (__fini_array_start = .)
 *(SORT_BY_NAME(.fini_array.*))
 *(.fini_array*)
 .fini_array    0x08005458        0x4 /Applications/STM32CubeIDE.app/Contents/Eclipse/plugins/com.st.stm32cube.ide.mcu.externaltools.gnu-tools-for-stm32.13.3.rel1.macos64_1.0.0.202411102158/tools/bin/../lib/gcc/arm-none-eabi/13.3.1/thumb/v7e-m+fp/hard/crtbegin.o
                [!provide]                        PROVIDE (__fini_array_end = .)
                0x0800545c                        . = ALIGN (0x4)
                0x0800545c                        _sidata = LOADADDR (.data)

.rel.dyn        0x0800545c        0x0
 .rel.iplt      0x0800545c        0x0 /Applications/STM32CubeIDE.app/Contents/Eclipse/plugins/com.st.stm32cube.ide.mcu.externaltools.gnu-tools-for-stm32.13.3.rel1.macos64_1.0.0.202411102158/tools/bin/../lib/gcc/arm-none-eabi/13.3.1/thumb/v7e-m+fp/hard/crtbegin.o

.data           0x20000000     0x16b0 load address 0x0800545c
                0x20000000                        . = ALIGN (0x4)
                0x20000000                        _sdata = .
 *(.data)
 *(.data*)
 .data.h_ws2812b
                0x20000000     0x168c ./Core/Src/brillez.o
                0x20000000                h_ws2812b
 .data.palette  0x2000168c       0x18 ./Core/Src/main.o
                0x2000168c                palette
 .data.SystemCoreClock
                0x200016a4        0x4 ./Core/Src/system_stm32l4xx.o
                0x200016a4                SystemCoreClock
 .data.uwTickPrio
                0x200016a8        0x4 ./Drivers/STM32L4xx_HAL_Driver/stm32l4xx_hal.o
                0x200016a8                uwTickPrio
 .data.uwTickFreq
                0x200016ac        0x1 ./Drivers/STM32L4xx_HAL_Driver/stm32l4xx_hal.o
                0x200016ac                uwTickFreq
 *(.RamFunc)
 *(.RamFunc*)
                0x200016b0                        . = ALIGN (0x4)
 *fill*         0x200016ad        0x3 
                0x200016b0                        _edata = .

.igot.plt       0x200016b0        0x0 load address 0x08006b0c
 .igot.plt      0x200016b0        0x0 /Applications/STM32CubeIDE.app/Contents/Eclipse/plugins/com.st.stm32cube.ide.mcu.externaltools.gnu-tools-for-stm32.13.3.rel1.macos64_1.0.0.202411102158/tools/bin/../lib/gcc/arm-none-eabi/13.3.1/thumb/v7e-m+fp/hard/crtbegin.o
                0x200016b0                        . = ALIGN (0x4)

.bss            0x200016b0      0x14c load address 0x08006b0c
                0x200016b0                        _sbss = .
                0x200016b0                        __bss_start__ = _sbss
 *(.bss)
 .bss           0x200016b0       0x1c /Applications/STM32CubeIDE.app/Contents/Eclipse/plugins/com.st.stm32cube.ide.mcu.externaltools.gnu-tools-for-stm32.13.3.rel1.macos64_1.0.0.202411102158/tools/bin/../lib/gcc/arm-none-eabi/13.3.1/thumb/v7e-m+fp/hard/crtbegin.o
 *(.bss*)
 .bss.hrng      0x200016cc       0x10 ./Core/Src/rng.o
                0x200016cc                hrng
 .bss.htim1     0x200016dc       0x4c ./Core/Src/tim.o
                0x200016dc                htim1
 .bss.hdma_tim1_ch1
                0x20001728       0x48 ./Core/Src/tim.o
                0x20001728                hdma_tim1_ch1
 .bss.huart2    0x20001770       0x88 ./Core/Src/usart.o
                0x20001770                huart2
 .bss.uwTick    0x200017f8        0x4 ./Drivers/STM32L4xx_HAL_Driver/stm32l4xx_hal.o
                0x200017f8                uwTick
 *(COMMON)
                0x200017fc                        . = ALIGN (0x4)
                0x200017fc                        _ebss = .
                0x200017fc                        __bss_end__ = _ebss

._user_heap_stack
                0x200017fc      0x604 load address 0x08006b0c
                0x20001800                        . = ALIGN (0x8)
 *fill*         0x200017fc        0x4 
                [!provide]                        PROVIDE (end = .)
                0x20001800                        PROVIDE (_end = .)
                0x20001a00                        . = (. + _Min_Heap_Size)
 *fill*         0x20001800      0x200 
                0x20001e00                        . = (. + _Min_Stack_Size)
 *fill*         0x20001a00      0x400 
                0x20001e00                        . = ALIGN (0x8)

/DISCARD/
 libc.a(*)
 libm.a(*)
 libgcc.a(*)

.ARM.attributes
                0x00000000       0x30
 *(.ARM.attributes)
 .ARM.attributes
                0x00000000       0x22 /Applications/STM32CubeIDE.app/Contents/Eclipse/plugins/com.st.stm32cube.ide.mcu.externaltools.gnu-tools-for-stm32.13.3.rel1.macos64_1.0.0.202411102158/tools/bin/../lib/gcc/arm-none-eabi/13.3.1/thumb/v7e-m+fp/hard/crti.o
 .ARM.attributes
                0x00000022       0x34 /Applications/STM32CubeIDE.app/Contents/Eclipse/plugins/com.st.stm32cube.ide.mcu.externaltools.gnu-tools-for-stm32.13.3.rel1.macos64_1.0.0.202411102158/tools/bin/../lib/gcc/arm-none-eabi/13.3.1/thumb/v7e-m+fp/hard/crtbegin.o
 .ARM.attributes
                0x00000056       0x34 ./Core/Src/brillez.o
 .ARM.attributes
                0x0000008a       0x34 ./Core/Src/dma.o
 .ARM.attributes
                0x000000be       0x34 ./Core/Src/gpio.o
 .ARM.attributes
                0x000000f2       0x34 ./Core/Src/main.o
 .ARM.attributes
                0x00000126       0x34 ./Core/Src/rng.o
 .ARM.attributes
                0x0000015a       0x34 ./Core/Src/stm32l4xx_hal_msp.o
 .ARM.attributes
                0x0000018e       0x34 ./Core/Src/stm32l4xx_it.o
 .ARM.attributes
                0x000001c2       0x34 ./Core/Src/system_stm32l4xx.o
 .ARM.attributes
                0x000001f6       0x34 ./Core/Src/tim.o
 .ARM.attributes
                0x0000022a       0x34 ./Core/Src/usart.o
 .ARM.attributes
                0x0000025e       0x34 ./Core/Src/ws2812b.o
 .ARM.attributes
                0x00000292       0x21 ./Core/Startup/startup_stm32l476rgtx.o
 .ARM.attributes
                0x000002b3       0x34 ./Drivers/STM32L4xx_HAL_Driver/stm32l4xx_hal.o
 .ARM.attributes
                0x000002e7       0x34 ./Drivers/STM32L4xx_HAL_Driver/stm32l4xx_hal_cortex.o
 .ARM.attributes
                0x0000031b       0x34 ./Drivers/STM32L4xx_HAL_Driver/stm32l4xx_hal_dma.o
 .ARM.attributes
                0x0000034f       0x34 ./Drivers/STM32L4xx_HAL_Driver/stm32l4xx_hal_gpio.o
 .ARM.attributes
                0x00000383       0x34 ./Drivers/STM32L4xx_HAL_Driver/stm32l4xx_hal_pwr_ex.o
 .ARM.attributes
                0x000003b7       0x34 ./Drivers/STM32L4xx_HAL_Driver/stm32l4xx_hal_rcc.o
 .ARM.attributes
                0x000003eb       0x34 ./Drivers/STM32L4xx_HAL_Driver/stm32l4xx_hal_rcc_ex.o
 .ARM.attributes
                0x0000041f       0x34 ./Drivers/STM32L4xx_HAL_Driver/stm32l4xx_hal_rng.o
 .ARM.attributes
                0x00000453       0x34 ./Drivers/STM32L4xx_HAL_Driver/stm32l4xx_hal_tim.o
 .ARM.attributes
                0x00000487       0x34 ./Drivers/STM32L4xx_HAL_Driver/stm32l4xx_hal_tim_ex.o
 .ARM.attributes
                0x000004bb       0x34 ./Drivers/STM32L4xx_HAL_Driver/stm32l4xx_hal_uart.o
 .ARM.attributes
                0x000004ef       0x34 /Applications/STM32CubeIDE.app/Contents/Eclipse/plugins/com.st.stm32cube.ide.mcu.externaltools.gnu-tools-for-stm32.13.3.rel1.macos64_1.0.0.202411102158/tools/bin/../lib/gcc/arm-none-eabi/13.3.1/../../../../arm-none-eabi/lib/thumb/v7e-m+fp/hard/libc_nano.a(libc_a-memset.o)
 .ARM.attributes
                0x00000523       0x34 /Applications/STM32CubeIDE.app/Contents/Eclipse/plugins/com.st.stm32cube.ide.mcu.externaltools.gnu-tools-for-stm32.13.3.rel1.macos64_1.0.0.202411102158/tools/bin/../lib/gcc/arm-none-eabi/13.3.1/../../../../arm-none-eabi/lib/thumb/v7e-m+fp/hard/libc_nano.a(libc_a-init.o)
 .ARM.attributes
                0x00000557       0x22 /Applications/STM32CubeIDE.app/Contents/Eclipse/plugins/com.st.stm32cube.ide.mcu.externaltools.gnu-tools-for-stm32.13.3.rel1.macos64_1.0.0.202411102158/tools/bin/../lib/gcc/arm-none-eabi/13.3.1/thumb/v7e-m+fp/hard/libgcc.a(_aeabi_uldivmod.o)
 .ARM.attributes
                0x00000579       0x34 /Applications/STM32CubeIDE.app/Contents/Eclipse/plugins/com.st.stm32cube.ide.mcu.externaltools.gnu-tools-for-stm32.13.3.rel1.macos64_1.0.0.202411102158/tools/bin/../lib/gcc/arm-none-eabi/13.3.1/thumb/v7e-m+fp/hard/libgcc.a(_udivmoddi4.o)
 .ARM.attributes
                0x000005ad       0x22 /Applications/STM32CubeIDE.app/Contents/Eclipse/plugins/com.st.stm32cube.ide.mcu.externaltools.gnu-tools-for-stm32.13.3.rel1.macos64_1.0.0.202411102158/tools/bin/../lib/gcc/arm-none-eabi/13.3.1/thumb/v7e-m+fp/hard/libgcc.a(_dvmd_tls.o)
 .ARM.attributes
                0x000005cf       0x22 /Applications/STM32CubeIDE.app/Contents/Eclipse/plugins/com.st.stm32cube.ide.mcu.externaltools.gnu-tools-for-stm32.13.3.rel1.macos64_1.0.0.202411102158/tools/bin/../lib/gcc/arm-none-eabi/13.3.1/thumb/v7e-m+fp/hard/crtn.o
OUTPUT(LED MAKER TEST.elf elf32-littlearm)
LOAD linker stubs
LOAD /Applications/STM32CubeIDE.app/Contents/Eclipse/plugins/com.st.stm32cube.ide.mcu.externaltools.gnu-tools-for-stm32.13.3.rel1.macos64_1.0.0.202411102158/tools/bin/../lib/gcc/arm-none-eabi/13.3.1/../../../../arm-none-eabi/lib/thumb/v7e-m+fp/hard/libc.a
LOAD /Applications/STM32CubeIDE.app/Contents/Eclipse/plugins/com.st.stm32cube.ide.mcu.externaltools.gnu-tools-for-stm32.13.3.rel1.macos64_1.0.0.202411102158/tools/bin/../lib/gcc/arm-none-eabi/13.3.1/../../../../arm-none-eabi/lib/thumb/v7e-m+fp/hard/libm.a
LOAD /Applications/STM32CubeIDE.app/Contents/Eclipse/plugins/com.st.stm32cube.ide.mcu.externaltools.gnu-tools-for-stm32.13.3.rel1.macos64_1.0.0.202411102158/tools/bin/../lib/gcc/arm-none-eabi/13.3.1/thumb/v7e-m+fp/hard/libgcc.a

.debug_info     0x00000000    0x11bae
 .debug_info    0x00000000      0x92e ./Core/Src/brillez.o
 .debug_info    0x0000092e      0x503 ./Core/Src/dma.o
 .debug_info    0x00000e31      0x473 ./Core/Src/gpio.o
 .debug_info    0x000012a4      0x533 ./Core/Src/main.o
 .debug_info    0x000017d7      0x6cd ./Core/Src/rng.o
 .debug_info    0x00001ea4      0x2b9 ./Core/Src/stm32l4xx_hal_msp.o
 .debug_info    0x0000215d      0x36a ./Core/Src/stm32l4xx_it.o
 .debug_info    0x000024c7      0x5b1 ./Core/Src/system_stm32l4xx.o
 .debug_info    0x00002a78      0xdb9 ./Core/Src/tim.o
 .debug_info    0x00003831      0xd1b ./Core/Src/usart.o
 .debug_info    0x0000454c      0x954 ./Core/Src/ws2812b.o
 .debug_info    0x00004ea0       0x30 ./Core/Startup/startup_stm32l476rgtx.o
 .debug_info    0x00004ed0      0xc09 ./Drivers/STM32L4xx_HAL_Driver/stm32l4xx_hal.o
 .debug_info    0x00005ad9      0xd81 ./Drivers/STM32L4xx_HAL_Driver/stm32l4xx_hal_cortex.o
 .debug_info    0x0000685a      0x6f4 ./Drivers/STM32L4xx_HAL_Driver/stm32l4xx_hal_dma.o
 .debug_info    0x00006f4e      0x757 ./Drivers/STM32L4xx_HAL_Driver/stm32l4xx_hal_gpio.o
 .debug_info    0x000076a5      0x99e ./Drivers/STM32L4xx_HAL_Driver/stm32l4xx_hal_pwr_ex.o
 .debug_info    0x00008043      0xc14 ./Drivers/STM32L4xx_HAL_Driver/stm32l4xx_hal_rcc.o
 .debug_info    0x00008c57      0xe11 ./Drivers/STM32L4xx_HAL_Driver/stm32l4xx_hal_rcc_ex.o
 .debug_info    0x00009a68      0x4a5 ./Drivers/STM32L4xx_HAL_Driver/stm32l4xx_hal_rng.o
 .debug_info    0x00009f0d     0x2a9a ./Drivers/STM32L4xx_HAL_Driver/stm32l4xx_hal_tim.o
 .debug_info    0x0000c9a7     0x169e ./Drivers/STM32L4xx_HAL_Driver/stm32l4xx_hal_tim_ex.o
 .debug_info    0x0000e045     0x3b69 ./Drivers/STM32L4xx_HAL_Driver/stm32l4xx_hal_uart.o

.debug_abbrev   0x00000000     0x2b8e
 .debug_abbrev  0x00000000      0x210 ./Core/Src/brillez.o
 .debug_abbrev  0x00000210       0xfc ./Core/Src/dma.o
 .debug_abbrev  0x0000030c      0x152 ./Core/Src/gpio.o
 .debug_abbrev  0x0000045e      0x206 ./Core/Src/main.o
 .debug_abbrev  0x00000664      0x1a0 ./Core/Src/rng.o
 .debug_abbrev  0x00000804       0xc6 ./Core/Src/stm32l4xx_hal_msp.o
 .debug_abbrev  0x000008ca      0x16e ./Core/Src/stm32l4xx_it.o
 .debug_abbrev  0x00000a38      0x11a ./Core/Src/system_stm32l4xx.o
 .debug_abbrev  0x00000b52      0x211 ./Core/Src/tim.o
 .debug_abbrev  0x00000d63      0x1f5 ./Core/Src/usart.o
 .debug_abbrev  0x00000f58      0x218 ./Core/Src/ws2812b.o
 .debug_abbrev  0x00001170       0x24 ./Core/Startup/startup_stm32l476rgtx.o
 .debug_abbrev  0x00001194      0x243 ./Drivers/STM32L4xx_HAL_Driver/stm32l4xx_hal.o
 .debug_abbrev  0x000013d7      0x31c ./Drivers/STM32L4xx_HAL_Driver/stm32l4xx_hal_cortex.o
 .debug_abbrev  0x000016f3      0x1e4 ./Drivers/STM32L4xx_HAL_Driver/stm32l4xx_hal_dma.o
 .debug_abbrev  0x000018d7      0x1cb ./Drivers/STM32L4xx_HAL_Driver/stm32l4xx_hal_gpio.o
 .debug_abbrev  0x00001aa2      0x1f9 ./Drivers/STM32L4xx_HAL_Driver/stm32l4xx_hal_pwr_ex.o
 .debug_abbrev  0x00001c9b      0x2cb ./Drivers/STM32L4xx_HAL_Driver/stm32l4xx_hal_rcc.o
 .debug_abbrev  0x00001f66      0x2a6 ./Drivers/STM32L4xx_HAL_Driver/stm32l4xx_hal_rcc_ex.o
 .debug_abbrev  0x0000220c      0x1b7 ./Drivers/STM32L4xx_HAL_Driver/stm32l4xx_hal_rng.o
 .debug_abbrev  0x000023c3      0x278 ./Drivers/STM32L4xx_HAL_Driver/stm32l4xx_hal_tim.o
 .debug_abbrev  0x0000263b      0x283 ./Drivers/STM32L4xx_HAL_Driver/stm32l4xx_hal_tim_ex.o
 .debug_abbrev  0x000028be      0x2d0 ./Drivers/STM32L4xx_HAL_Driver/stm32l4xx_hal_uart.o

.debug_aranges  0x00000000     0x1050
 .debug_aranges
                0x00000000       0x48 ./Core/Src/brillez.o
 .debug_aranges
                0x00000048       0x20 ./Core/Src/dma.o
 .debug_aranges
                0x00000068       0x20 ./Core/Src/gpio.o
 .debug_aranges
                0x00000088       0x30 ./Core/Src/main.o
 .debug_aranges
                0x000000b8       0x30 ./Core/Src/rng.o
 .debug_aranges
                0x000000e8       0x20 ./Core/Src/stm32l4xx_hal_msp.o
 .debug_aranges
                0x00000108       0x68 ./Core/Src/stm32l4xx_it.o
 .debug_aranges
                0x00000170       0x28 ./Core/Src/system_stm32l4xx.o
 .debug_aranges
                0x00000198       0x38 ./Core/Src/tim.o
 .debug_aranges
                0x000001d0       0x30 ./Core/Src/usart.o
 .debug_aranges
                0x00000200       0x38 ./Core/Src/ws2812b.o
 .debug_aranges
                0x00000238       0x28 ./Core/Startup/startup_stm32l476rgtx.o
 .debug_aranges
                0x00000260      0x130 ./Drivers/STM32L4xx_HAL_Driver/stm32l4xx_hal.o
 .debug_aranges
                0x00000390      0x128 ./Drivers/STM32L4xx_HAL_Driver/stm32l4xx_hal_cortex.o
 .debug_aranges
                0x000004b8       0x80 ./Drivers/STM32L4xx_HAL_Driver/stm32l4xx_hal_dma.o
 .debug_aranges
                0x00000538       0x58 ./Drivers/STM32L4xx_HAL_Driver/stm32l4xx_hal_gpio.o
 .debug_aranges
                0x00000590      0x160 ./Drivers/STM32L4xx_HAL_Driver/stm32l4xx_hal_pwr_ex.o
 .debug_aranges
                0x000006f0       0x90 ./Drivers/STM32L4xx_HAL_Driver/stm32l4xx_hal_rcc.o
 .debug_aranges
                0x00000780       0xc0 ./Drivers/STM32L4xx_HAL_Driver/stm32l4xx_hal_rcc_ex.o
 .debug_aranges
                0x00000840       0x88 ./Drivers/STM32L4xx_HAL_Driver/stm32l4xx_hal_rng.o
 .debug_aranges
                0x000008c8      0x3e0 ./Drivers/STM32L4xx_HAL_Driver/stm32l4xx_hal_tim.o
 .debug_aranges
                0x00000ca8      0x180 ./Drivers/STM32L4xx_HAL_Driver/stm32l4xx_hal_tim_ex.o
 .debug_aranges
                0x00000e28      0x228 ./Drivers/STM32L4xx_HAL_Driver/stm32l4xx_hal_uart.o

.debug_rnglists
                0x00000000      0xc9e
 .debug_rnglists
                0x00000000       0x33 ./Core/Src/brillez.o
 .debug_rnglists
                0x00000033       0x13 ./Core/Src/dma.o
 .debug_rnglists
                0x00000046       0x14 ./Core/Src/gpio.o
 .debug_rnglists
                0x0000005a       0x21 ./Core/Src/main.o
 .debug_rnglists
                0x0000007b       0x20 ./Core/Src/rng.o
 .debug_rnglists
                0x0000009b       0x13 ./Core/Src/stm32l4xx_hal_msp.o
 .debug_rnglists
                0x000000ae       0x49 ./Core/Src/stm32l4xx_it.o
 .debug_rnglists
                0x000000f7       0x1a ./Core/Src/system_stm32l4xx.o
 .debug_rnglists
                0x00000111       0x27 ./Core/Src/tim.o
 .debug_rnglists
                0x00000138       0x20 ./Core/Src/usart.o
 .debug_rnglists
                0x00000158       0x26 ./Core/Src/ws2812b.o
 .debug_rnglists
                0x0000017e       0x19 ./Core/Startup/startup_stm32l476rgtx.o
 .debug_rnglists
                0x00000197       0xdf ./Drivers/STM32L4xx_HAL_Driver/stm32l4xx_hal.o
 .debug_rnglists
                0x00000276       0xda ./Drivers/STM32L4xx_HAL_Driver/stm32l4xx_hal_cortex.o
 .debug_rnglists
                0x00000350       0x64 ./Drivers/STM32L4xx_HAL_Driver/stm32l4xx_hal_dma.o
 .debug_rnglists
                0x000003b4       0x3f ./Drivers/STM32L4xx_HAL_Driver/stm32l4xx_hal_gpio.o
 .debug_rnglists
                0x000003f3      0x109 ./Drivers/STM32L4xx_HAL_Driver/stm32l4xx_hal_pwr_ex.o
 .debug_rnglists
                0x000004fc       0x6d ./Drivers/STM32L4xx_HAL_Driver/stm32l4xx_hal_rcc.o
 .debug_rnglists
                0x00000569       0x95 ./Drivers/STM32L4xx_HAL_Driver/stm32l4xx_hal_rcc_ex.o
 .debug_rnglists
                0x000005fe       0x64 ./Drivers/STM32L4xx_HAL_Driver/stm32l4xx_hal_rng.o
 .debug_rnglists
                0x00000662      0x328 ./Drivers/STM32L4xx_HAL_Driver/stm32l4xx_hal_tim.o
 .debug_rnglists
                0x0000098a      0x139 ./Drivers/STM32L4xx_HAL_Driver/stm32l4xx_hal_tim_ex.o
 .debug_rnglists
                0x00000ac3      0x1db ./Drivers/STM32L4xx_HAL_Driver/stm32l4xx_hal_uart.o

.debug_macro    0x00000000    0x27a88
 .debug_macro   0x00000000      0x1f6 ./Core/Src/brillez.o
 .debug_macro   0x000001f6      0xad8 ./Core/Src/brillez.o
 .debug_macro   0x00000cce       0x22 ./Core/Src/brillez.o
 .debug_macro   0x00000cf0       0x8e ./Core/Src/brillez.o
 .debug_macro   0x00000d7e       0x51 ./Core/Src/brillez.o
 .debug_macro   0x00000dcf      0x103 ./Core/Src/brillez.o
 .debug_macro   0x00000ed2       0x6a ./Core/Src/brillez.o
 .debug_macro   0x00000f3c      0x1df ./Core/Src/brillez.o
 .debug_macro   0x0000111b      0x1ad ./Core/Src/brillez.o
 .debug_macro   0x000012c8       0x2e ./Core/Src/brillez.o
 .debug_macro   0x000012f6       0x28 ./Core/Src/brillez.o
 .debug_macro   0x0000131e       0x1c ./Core/Src/brillez.o
 .debug_macro   0x0000133a       0x22 ./Core/Src/brillez.o
 .debug_macro   0x0000135c       0xfb ./Core/Src/brillez.o
 .debug_macro   0x00001457     0x1011 ./Core/Src/brillez.o
 .debug_macro   0x00002468      0x11f ./Core/Src/brillez.o
 .debug_macro   0x00002587    0x1a17a ./Core/Src/brillez.o
 .debug_macro   0x0001c701       0x6d ./Core/Src/brillez.o
 .debug_macro   0x0001c76e     0x38fb ./Core/Src/brillez.o
 .debug_macro   0x00020069      0x190 ./Core/Src/brillez.o
 .debug_macro   0x000201f9       0x5c ./Core/Src/brillez.o
 .debug_macro   0x00020255     0x159e ./Core/Src/brillez.o
 .debug_macro   0x000217f3      0x5a5 ./Core/Src/brillez.o
 .debug_macro   0x00021d98      0x1b9 ./Core/Src/brillez.o
 .debug_macro   0x00021f51      0x18b ./Core/Src/brillez.o
 .debug_macro   0x000220dc      0x26b ./Core/Src/brillez.o
 .debug_macro   0x00022347      0x23d ./Core/Src/brillez.o
 .debug_macro   0x00022584      0x241 ./Core/Src/brillez.o
 .debug_macro   0x000227c5      0x37c ./Core/Src/brillez.o
 .debug_macro   0x00022b41       0xd6 ./Core/Src/brillez.o
 .debug_macro   0x00022c17      0x122 ./Core/Src/brillez.o
 .debug_macro   0x00022d39      0x3ef ./Core/Src/brillez.o
 .debug_macro   0x00023128       0xa4 ./Core/Src/brillez.o
 .debug_macro   0x000231cc      0xa98 ./Core/Src/brillez.o
 .debug_macro   0x00023c64      0x1e6 ./Core/Src/brillez.o
 .debug_macro   0x00023e4a      0x5cf ./Core/Src/brillez.o
 .debug_macro   0x00024419       0x44 ./Core/Src/brillez.o
 .debug_macro   0x0002445d      0x330 ./Core/Src/brillez.o
 .debug_macro   0x0002478d       0x10 ./Core/Src/brillez.o
 .debug_macro   0x0002479d       0x6a ./Core/Src/brillez.o
 .debug_macro   0x00024807      0x1e3 ./Core/Src/dma.o
 .debug_macro   0x000249ea       0x64 ./Core/Src/dma.o
 .debug_macro   0x00024a4e      0x1e3 ./Core/Src/gpio.o
 .debug_macro   0x00024c31      0x2f7 ./Core/Src/main.o
 .debug_macro   0x00024f28       0x61 ./Core/Src/main.o
 .debug_macro   0x00024f89       0x2a ./Core/Src/main.o
 .debug_macro   0x00024fb3       0x43 ./Core/Src/main.o
 .debug_macro   0x00024ff6       0x34 ./Core/Src/main.o
 .debug_macro   0x0002502a       0x16 ./Core/Src/main.o
 .debug_macro   0x00025040       0x3c ./Core/Src/main.o
 .debug_macro   0x0002507c      0x370 ./Core/Src/main.o
 .debug_macro   0x000253ec       0x10 ./Core/Src/main.o
 .debug_macro   0x000253fc       0x16 ./Core/Src/main.o
 .debug_macro   0x00025412       0x4a ./Core/Src/main.o
 .debug_macro   0x0002545c       0x34 ./Core/Src/main.o
 .debug_macro   0x00025490       0x10 ./Core/Src/main.o
 .debug_macro   0x000254a0       0x58 ./Core/Src/main.o
 .debug_macro   0x000254f8       0x8e ./Core/Src/main.o
 .debug_macro   0x00025586       0x1c ./Core/Src/main.o
 .debug_macro   0x000255a2      0x185 ./Core/Src/main.o
 .debug_macro   0x00025727       0x16 ./Core/Src/main.o
 .debug_macro   0x0002573d       0x16 ./Core/Src/main.o
 .debug_macro   0x00025753      0x146 ./Core/Src/main.o
 .debug_macro   0x00025899      0x1e3 ./Core/Src/rng.o
 .debug_macro   0x00025a7c      0x1d9 ./Core/Src/stm32l4xx_hal_msp.o
 .debug_macro   0x00025c55      0x1e3 ./Core/Src/stm32l4xx_it.o
 .debug_macro   0x00025e38      0x1ca ./Core/Src/system_stm32l4xx.o
 .debug_macro   0x00026002      0x1e3 ./Core/Src/tim.o
 .debug_macro   0x000261e5      0x1e3 ./Core/Src/usart.o
 .debug_macro   0x000263c8      0x1e2 ./Core/Src/ws2812b.o
 .debug_macro   0x000265aa      0x218 ./Drivers/STM32L4xx_HAL_Driver/stm32l4xx_hal.o
 .debug_macro   0x000267c2      0x1ca ./Drivers/STM32L4xx_HAL_Driver/stm32l4xx_hal_cortex.o
 .debug_macro   0x0002698c      0x1ca ./Drivers/STM32L4xx_HAL_Driver/stm32l4xx_hal_dma.o
 .debug_macro   0x00026b56      0x1d1 ./Drivers/STM32L4xx_HAL_Driver/stm32l4xx_hal_gpio.o
 .debug_macro   0x00026d27      0x1ee ./Drivers/STM32L4xx_HAL_Driver/stm32l4xx_hal_pwr_ex.o
 .debug_macro   0x00026f15      0x20c ./Drivers/STM32L4xx_HAL_Driver/stm32l4xx_hal_rcc.o
 .debug_macro   0x00027121      0x200 ./Drivers/STM32L4xx_HAL_Driver/stm32l4xx_hal_rcc_ex.o
 .debug_macro   0x00027321      0x1dd ./Drivers/STM32L4xx_HAL_Driver/stm32l4xx_hal_rng.o
 .debug_macro   0x000274fe      0x1cb ./Drivers/STM32L4xx_HAL_Driver/stm32l4xx_hal_tim.o
 .debug_macro   0x000276c9      0x1ca ./Drivers/STM32L4xx_HAL_Driver/stm32l4xx_hal_tim_ex.o
 .debug_macro   0x00027893      0x1f5 ./Drivers/STM32L4xx_HAL_Driver/stm32l4xx_hal_uart.o

.debug_line     0x00000000    0x1609d
 .debug_line    0x00000000      0x997 ./Core/Src/brillez.o
 .debug_line    0x00000997      0x7f7 ./Core/Src/dma.o
 .debug_line    0x0000118e      0x815 ./Core/Src/gpio.o
 .debug_line    0x000019a3      0xa48 ./Core/Src/main.o
 .debug_line    0x000023eb      0x860 ./Core/Src/rng.o
 .debug_line    0x00002c4b      0x7fb ./Core/Src/stm32l4xx_hal_msp.o
 .debug_line    0x00003446      0x8c2 ./Core/Src/stm32l4xx_it.o
 .debug_line    0x00003d08      0x899 ./Core/Src/system_stm32l4xx.o
 .debug_line    0x000045a1      0x933 ./Core/Src/tim.o
 .debug_line    0x00004ed4      0x885 ./Core/Src/usart.o
 .debug_line    0x00005759      0x8c8 ./Core/Src/ws2812b.o
 .debug_line    0x00006021       0x7a ./Core/Startup/startup_stm32l476rgtx.o
 .debug_line    0x0000609b      0xc44 ./Drivers/STM32L4xx_HAL_Driver/stm32l4xx_hal.o
 .debug_line    0x00006cdf      0xdde ./Drivers/STM32L4xx_HAL_Driver/stm32l4xx_hal_cortex.o
 .debug_line    0x00007abd      0xe1d ./Drivers/STM32L4xx_HAL_Driver/stm32l4xx_hal_dma.o
 .debug_line    0x000088da      0xc97 ./Drivers/STM32L4xx_HAL_Driver/stm32l4xx_hal_gpio.o
 .debug_line    0x00009571      0xe25 ./Drivers/STM32L4xx_HAL_Driver/stm32l4xx_hal_pwr_ex.o
 .debug_line    0x0000a396     0x1198 ./Drivers/STM32L4xx_HAL_Driver/stm32l4xx_hal_rcc.o
 .debug_line    0x0000b52e     0x1665 ./Drivers/STM32L4xx_HAL_Driver/stm32l4xx_hal_rcc_ex.o
 .debug_line    0x0000cb93      0xaf5 ./Drivers/STM32L4xx_HAL_Driver/stm32l4xx_hal_rng.o
 .debug_line    0x0000d688     0x3f2f ./Drivers/STM32L4xx_HAL_Driver/stm32l4xx_hal_tim.o
 .debug_line    0x000115b7     0x1c80 ./Drivers/STM32L4xx_HAL_Driver/stm32l4xx_hal_tim_ex.o
 .debug_line    0x00013237     0x2e66 ./Drivers/STM32L4xx_HAL_Driver/stm32l4xx_hal_uart.o

.debug_str      0x00000000    0xf2fca
 .debug_str     0x00000000    0xf2fca ./Core/Src/brillez.o
                              0xeadd3 (size before relaxing)
 .debug_str     0x000f2fca    0xeadda ./Core/Src/dma.o
 .debug_str     0x000f2fca    0xea99a ./Core/Src/gpio.o
 .debug_str     0x000f2fca    0xee311 ./Core/Src/main.o
 .debug_str     0x000f2fca    0xeace4 ./Core/Src/rng.o
 .debug_str     0x000f2fca    0xea8ca ./Core/Src/stm32l4xx_hal_msp.o
 .debug_str     0x000f2fca    0xeaa30 ./Core/Src/stm32l4xx_it.o
 .debug_str     0x000f2fca    0xea845 ./Core/Src/system_stm32l4xx.o
 .debug_str     0x000f2fca    0xeb1b9 ./Core/Src/tim.o
 .debug_str     0x000f2fca    0xeb0c4 ./Core/Src/usart.o
 .debug_str     0x000f2fca    0xeae12 ./Core/Src/ws2812b.o
 .debug_str     0x000f2fca       0x8f ./Core/Startup/startup_stm32l476rgtx.o
 .debug_str     0x000f2fca    0xeb486 ./Drivers/STM32L4xx_HAL_Driver/stm32l4xx_hal.o
 .debug_str     0x000f2fca    0xeb100 ./Drivers/STM32L4xx_HAL_Driver/stm32l4xx_hal_cortex.o
 .debug_str     0x000f2fca    0xeaaf1 ./Drivers/STM32L4xx_HAL_Driver/stm32l4xx_hal_dma.o
 .debug_str     0x000f2fca    0xeaa00 ./Drivers/STM32L4xx_HAL_Driver/stm32l4xx_hal_gpio.o
 .debug_str     0x000f2fca    0xeade2 ./Drivers/STM32L4xx_HAL_Driver/stm32l4xx_hal_pwr_ex.o
 .debug_str     0x000f2fca    0xeaecd ./Drivers/STM32L4xx_HAL_Driver/stm32l4xx_hal_rcc.o
 .debug_str     0x000f2fca    0xeb046 ./Drivers/STM32L4xx_HAL_Driver/stm32l4xx_hal_rcc_ex.o
 .debug_str     0x000f2fca    0xea951 ./Drivers/STM32L4xx_HAL_Driver/stm32l4xx_hal_rng.o
 .debug_str     0x000f2fca    0xebbc7 ./Drivers/STM32L4xx_HAL_Driver/stm32l4xx_hal_tim.o
 .debug_str     0x000f2fca    0xeb4db ./Drivers/STM32L4xx_HAL_Driver/stm32l4xx_hal_tim_ex.o
 .debug_str     0x000f2fca    0xeb5df ./Drivers/STM32L4xx_HAL_Driver/stm32l4xx_hal_uart.o

.comment        0x00000000       0x43
 .comment       0x00000000       0x43 ./Core/Src/brillez.o
                                 0x44 (size before relaxing)
 .comment       0x00000043       0x44 ./Core/Src/dma.o
 .comment       0x00000043       0x44 ./Core/Src/gpio.o
 .comment       0x00000043       0x44 ./Core/Src/main.o
 .comment       0x00000043       0x44 ./Core/Src/rng.o
 .comment       0x00000043       0x44 ./Core/Src/stm32l4xx_hal_msp.o
 .comment       0x00000043       0x44 ./Core/Src/stm32l4xx_it.o
 .comment       0x00000043       0x44 ./Core/Src/system_stm32l4xx.o
 .comment       0x00000043       0x44 ./Core/Src/tim.o
 .comment       0x00000043       0x44 ./Core/Src/usart.o
 .comment       0x00000043       0x44 ./Core/Src/ws2812b.o
 .comment       0x00000043       0x44 ./Drivers/STM32L4xx_HAL_Driver/stm32l4xx_hal.o
 .comment       0x00000043       0x44 ./Drivers/STM32L4xx_HAL_Driver/stm32l4xx_hal_cortex.o
 .comment       0x00000043       0x44 ./Drivers/STM32L4xx_HAL_Driver/stm32l4xx_hal_dma.o
 .comment       0x00000043       0x44 ./Drivers/STM32L4xx_HAL_Driver/stm32l4xx_hal_gpio.o
 .comment       0x00000043       0x44 ./Drivers/STM32L4xx_HAL_Driver/stm32l4xx_hal_pwr_ex.o
 .comment       0x00000043       0x44 ./Drivers/STM32L4xx_HAL_Driver/stm32l4xx_hal_rcc.o
 .comment       0x00000043       0x44 ./Drivers/STM32L4xx_HAL_Driver/stm32l4xx_hal_rcc_ex.o
 .comment       0x00000043       0x44 ./Drivers/STM32L4xx_HAL_Driver/stm32l4xx_hal_rng.o
 .comment       0x00000043       0x44 ./Drivers/STM32L4xx_HAL_Driver/stm32l4xx_hal_tim.o
 .comment       0x00000043       0x44 ./Drivers/STM32L4xx_HAL_Driver/stm32l4xx_hal_tim_ex.o
 .comment       0x00000043       0x44 ./Drivers/STM32L4xx_HAL_Driver/stm32l4xx_hal_uart.o

.debug_frame    0x00000000     0x429c
 .debug_frame   0x00000000       0xe0 ./Core/Src/brillez.o
 .debug_frame   0x000000e0       0x34 ./Core/Src/dma.o
 .debug_frame   0x00000114       0x34 ./Core/Src/gpio.o
 .debug_frame   0x00000148       0x6c ./Core/Src/main.o
 .debug_frame   0x000001b4       0x78 ./Core/Src/rng.o
 .debug_frame   0x0000022c       0x38 ./Core/Src/stm32l4xx_hal_msp.o
 .debug_frame   0x00000264      0x120 ./Core/Src/stm32l4xx_it.o
 .debug_frame   0x00000384       0x58 ./Core/Src/system_stm32l4xx.o
 .debug_frame   0x000003dc       0xa0 ./Core/Src/tim.o
 .debug_frame   0x0000047c       0x78 ./Core/Src/usart.o
 .debug_frame   0x000004f4       0xa4 ./Core/Src/ws2812b.o
 .debug_frame   0x00000598      0x498 ./Drivers/STM32L4xx_HAL_Driver/stm32l4xx_hal.o
 .debug_frame   0x00000a30      0x4e8 ./Drivers/STM32L4xx_HAL_Driver/stm32l4xx_hal_cortex.o
 .debug_frame   0x00000f18      0x204 ./Drivers/STM32L4xx_HAL_Driver/stm32l4xx_hal_dma.o
 .debug_frame   0x0000111c      0x14c ./Drivers/STM32L4xx_HAL_Driver/stm32l4xx_hal_gpio.o
 .debug_frame   0x00001268      0x584 ./Drivers/STM32L4xx_HAL_Driver/stm32l4xx_hal_pwr_ex.o
 .debug_frame   0x000017ec      0x21c ./Drivers/STM32L4xx_HAL_Driver/stm32l4xx_hal_rcc.o
 .debug_frame   0x00001a08      0x2fc ./Drivers/STM32L4xx_HAL_Driver/stm32l4xx_hal_rcc_ex.o
 .debug_frame   0x00001d04      0x22c ./Drivers/STM32L4xx_HAL_Driver/stm32l4xx_hal_rng.o
 .debug_frame   0x00001f30     0x121c ./Drivers/STM32L4xx_HAL_Driver/stm32l4xx_hal_tim.o
 .debug_frame   0x0000314c      0x6b0 ./Drivers/STM32L4xx_HAL_Driver/stm32l4xx_hal_tim_ex.o
 .debug_frame   0x000037fc      0x9f4 ./Drivers/STM32L4xx_HAL_Driver/stm32l4xx_hal_uart.o
 .debug_frame   0x000041f0       0x20 /Applications/STM32CubeIDE.app/Contents/Eclipse/plugins/com.st.stm32cube.ide.mcu.externaltools.gnu-tools-for-stm32.13.3.rel1.macos64_1.0.0.202411102158/tools/bin/../lib/gcc/arm-none-eabi/13.3.1/../../../../arm-none-eabi/lib/thumb/v7e-m+fp/hard/libc_nano.a(libc_a-memset.o)
 .debug_frame   0x00004210       0x2c /Applications/STM32CubeIDE.app/Contents/Eclipse/plugins/com.st.stm32cube.ide.mcu.externaltools.gnu-tools-for-stm32.13.3.rel1.macos64_1.0.0.202411102158/tools/bin/../lib/gcc/arm-none-eabi/13.3.1/../../../../arm-none-eabi/lib/thumb/v7e-m+fp/hard/libc_nano.a(libc_a-init.o)
 .debug_frame   0x0000423c       0x2c /Applications/STM32CubeIDE.app/Contents/Eclipse/plugins/com.st.stm32cube.ide.mcu.externaltools.gnu-tools-for-stm32.13.3.rel1.macos64_1.0.0.202411102158/tools/bin/../lib/gcc/arm-none-eabi/13.3.1/thumb/v7e-m+fp/hard/libgcc.a(_aeabi_uldivmod.o)
 .debug_frame   0x00004268       0x34 /Applications/STM32CubeIDE.app/Contents/Eclipse/plugins/com.st.stm32cube.ide.mcu.externaltools.gnu-tools-for-stm32.13.3.rel1.macos64_1.0.0.202411102158/tools/bin/../lib/gcc/arm-none-eabi/13.3.1/thumb/v7e-m+fp/hard/libgcc.a(_udivmoddi4.o)

.debug_line_str
                0x00000000       0x73
 .debug_line_str
                0x00000000       0x73 ./Core/Startup/startup_stm32l476rgtx.o
